[1mfulcrum[m[2m · Corpus Primary Organization · publish · drifted.json[m

[32mProposal #55 submitted.[m

[33mbased_on_current: false — the reviewer sees it flagged stale[m
review at [36mhttp://srv/knowledge_proposals/55[m

[2mo open in browser · esc back to documents[m

[2mopened http://srv/knowledge_proposals/55[m