[2mfulcrum[m[2m › [m[2mCorpus Primary Organization[m[2m › [m[1mdocuments[m

[2m7 document(s), 5 stale[m

  synced.md            aaaabbbbcc   [32m= synced[m
  drifted.json         aaaabbbbcc   [33m~ drifted[m
[1;35m> [m[1;35mbehind.md           [m eeeeffff00   [36mv behind[m
  conflicted.json      eeeeffff00   [31m! CONFLICTED[m
  proposed.json        aaaabbbbcc   [36m^ proposed[m
  missing.md           aaaabbbbcc   [31mx missing[m
  applied.json         aaaabbbbcc   [32m+ applied #7 (re-sync)[m

[2menter read · e edit · s sync · ? keys · q quit[m

[2msynced 1 · 2 kept your edits[m