[2mfulcrum[m[2m › [m[2mCorpus Primary Organization[m[2m › [m[2mdocuments[m[2m › [m[2mdrifted.json[m[2m › [m[1mpublish[m

[32mProposal #55 submitted.[m

[33mbased_on_current: false — the reviewer sees it flagged stale[m
review at [36mhttp://srv/knowledge_proposals/55[m

[2mo open in browser · esc back to documents[m

[2mopened http://srv/knowledge_proposals/55[m