[1mfulcrum[m[2m · Corpus Primary Organization · synced.md[m

[2mname: estimation-rubric[m
[2mdigest: abc123[m


  # Heading                                                                 
                                                                            
  Body text here.                                                           

[2mj/k scroll · / search · esc back[m