[2mfulcrum[m[2m › [m[2mCorpus Primary Organization[m[2m › [m[2mdocuments[m[2m › [m[2mdrifted.json[m[2m › [m[1mdiff[m

[2mlast sync → local edits (drifted)[m

[1m--- a/drifted.json[m
[1m+++ b/drifted.json[m
[36m@@ -1 +1 @@[m
[31m-{"status":"original","hours":4,"gone":true}[m
\ No newline at end of file
[32m+{"status":"edited","hours":6}[m
\ No newline at end of file

[2mu structured view · p publish · j/k scroll · e edit · esc back[m